vv done
(96, 300, 300, 3, 3)
<class 'heat.core.dndarray.DNDarray'>
Traceback (most recent call last):
  File "test_contraction_ht.py", line 66, in <module>
    print(type(vv.array()))
AttributeError: 'DNDarray' object has no attribute 'array'
--------------------------------------------------------------------------
Primary job  terminated normally, but 1 process returned
a non-zero exit code. Per user-direction, the job has been aborted.
--------------------------------------------------------------------------
--------------------------------------------------------------------------
mpirun detected that one or more processes exited with non-zero status, thus causing
the job to be terminated. The first process to do so was:

  Process name: [[11483,1],0]
  Exit code:    1
--------------------------------------------------------------------------
