gauge size: 1207959552 Byte 
(150994944,) -1.8268611035065913e-65 
Using numpy on single core, cost 0.5272526741027832 s  BW is 0.5515878766296444 GB/s. 
the following check should be:
0 5.311409569040877e-09 2.1073563602602633e-88
1 -2.2690298630806847e-259 1.8460062281808513e-13
2 -3.804308053979077e+104 2.716903576900622e-199
3 3.105100611956314e+236 -1.8268611035065913e-65
3 gauge_subarray: 0 1207959552 301989888 1207959552
0 gauge_subarray: 0 1207959552 301989888 1207959552
2 gauge_subarray: 0 1207959552 301989888 1207959552
1 gauge_subarray: 0 1207959552 301989888 1207959552
Using MPI subarray on 4 cores, cost 0.7600443363189697 s  BW is 0.3826437078186506 GB/s. 
0 5.311409569040877e-09 2.1073563602602633e-88
1 -2.2690298630806847e-259 1.8460062281808513e-13
2 -3.804308053979077e+104 2.716903576900622e-199
3 3.105100611956314e+236 -1.8268611035065913e-65
1 gauge_darray: 0 1207959552 301989888 1207959552
0 gauge_darray: 0 1207959552 301989888 1207959552
2 gauge_darray: 0 1207959552 301989888 1207959552
3 gauge_darray: 0 1207959552 301989888 1207959552
Using MPI darray on 4 cores, cost 0.7527425289154053 s  BW is 0.3863554559281978 GB/s. 
0 5.311409569040877e-09 2.1073563602602633e-88
2 -3.804308053979077e+104 2.716903576900622e-199
3 3.105100611956314e+236 -1.8268611035065913e-65
1 -2.2690298630806847e-259 1.8460062281808513e-13
