Total, reserved, allocated GPU memory = 11.17303466796875 GB, 0.0 MB, 0.0 MB, 
Total, reserved, allocated GPU memory = 11.17303466796875 GB, 0.0 MB, 0.0 MB, 
Using HeAT on gpus, matrix size 5000, time taken is  0.1530642628669739 s. 
