vv done
(96, 150, 150, 3, 3)
read peram done
(96, 150, 150, 4, 4)
torch.Size([96, 150, 150, 4, 4]) torch.Size([96, 150, 150, 4, 4])
torch.Size([96, 150, 150, 4, 4])
used 70.87983059883118 s
