gauge size: 1207959552 Byte 
1 gauge_subarray: 4194304 1199570944 301989888 1195376640
2 gauge_subarray: 8388608 1203765248 301989888 1195376640
3 gauge_subarray: 12582912 1207959552 301989888 1195376640
(150994944,) 1.9462527487680777e+261 
Using numpy on single core, cost 0.4069836139678955 s  BW is 0.7145894158249761 GB/s. 
the following check should be:
0 2.2764818774458168e+71 -17.387323248842446
1 4.7189431865817596e-79 2.063228595134004e+83
2 2.5478197212731205e-77 5.2522750408808907e-250
3 3.9349154871322767e+101 1.9462527487680777e+261
0 gauge_subarray: 0 1195376640 301989888 1195376640
3 3.9349154871322767e+101 1.9462527487680777e+261
3 gauge_darray: 12582912 1207959552 301989888 1195376640
1 4.7189431865817596e-79 2.063228595134004e+83
1 gauge_darray: 4194304 1199570944 301989888 1195376640
2 2.5478197212731205e-77 5.2522750408808907e-250
2 gauge_darray: 8388608 1203765248 301989888 1195376640
Using MPI subarray on 4 cores, cost 29.51840329170227 s  BW is 0.009852368371070001 GB/s. 
0 2.2764818774458168e+71 -17.387323248842446
0 gauge_darray: 0 1195376640 301989888 1195376640
3 3.9349154871322767e+101 1.9462527487680777e+261
1 4.7189431865817596e-79 2.063228595134004e+83
Using MPI darray on 4 cores, cost 29.399343967437744 s  BW is 0.009892267775694947 GB/s. 
0 2.2764818774458168e+71 -17.387323248842446
2 2.5478197212731205e-77 5.2522750408808907e-250
