Using numpy, time taken is  21.72949481010437 s. 
Using HeAT on cpus, time taken is  7.408856153488159 s. 
Uisng cupy, time taken is  4.665657548904419 s. 
Using HeAT on gpus, time taken is  0.4109229111671448 s. 
