Using numpy, time taken is  0.4039013385772705 s. 
Using HeAT on cpus, time taken is  0.49980974197387695 s. 
Uisng cupy, time taken is  0.09475888252258301 s. 
Using HeAT on gpus, split 00, time taken is  0.6684528946876526 s. 
Using HeAT on gpus, split 11, time taken is  0.6664742708206177 s. 
Using HeAT on gpus, split 10, time taken is  0.7472517013549804 s. 
Using HeAT on gpus, split 01, time taken is  0.6299819350242615 s. 
Using HeAT on gpus, matrix size 10000, time taken is  0.4889251923561096 s. 
Using HeAT on gpus, matrix size 20000, time taken is  2.087016806602478 s. 
