Total, reserved, allocated GPU memory = 11.17303466796875 GB, 0.0 MB, 0.0 MB, 
Total, reserved, allocated GPU memory = 11.17303466796875 GB, 0.0 MB, 0.0 MB, 
Using HeAT on gpus, matrix size 20000, time taken is  3.2259579610824587 s. 
